
> @distroai/api@1.0.0 build /home/preet/projects/distroai/apps/api
> nest build

[96msrc/ai/ai.processor.ts[0m:[93m86[0m:[93m44[0m - [91merror[0m[90m TS2353: [0mObject literal may only specify known properties, and 'whatsappNumber' does not exist in type 'UserWhereInput'.

[7m86[0m             where: { orgId, role: 'OWNER', whatsappNumber: { not: null } }
[7m  [0m [91m                                           ~~~~~~~~~~~~~~[0m
[96msrc/ai/ai.processor.ts[0m:[93m90[0m:[93m40[0m - [91merror[0m[90m TS2339: [0mProperty 'sendTextMessage' does not exist on type 'WhatsAppService'.

[7m90[0m             await this.whatsappService.sendTextMessage(orgId, owner.whatsappNumber!, briefingText);
[7m  [0m [91m                                       ~~~~~~~~~~~~~~~[0m
[96msrc/ai/ai.processor.ts[0m:[93m90[0m:[93m69[0m - [91merror[0m[90m TS2339: [0mProperty 'whatsappNumber' does not exist on type '{ phone: string | null; email: string; firstName: string; lastName: string; orgId: string; id: string; passwordHash: string; role: Role; avatarUrl: string | null; isActive: boolean; lastLoginAt: Date | null; fcmTokens: string[]; preferredLang: string; createdAt: Date; updatedAt: Date; }'.

[7m90[0m             await this.whatsappService.sendTextMessage(orgId, owner.whatsappNumber!, briefingText);
[7m  [0m [91m                                                                    ~~~~~~~~~~~~~~[0m
[96msrc/ai/ai.service.ts[0m:[93m7[0m:[93m55[0m - [91merror[0m[90m TS2307: [0mCannot find module '@langchain/langgraph/prebuilt' or its corresponding type declarations.
  There are types at '/home/preet/projects/distroai/apps/api/node_modules/@langchain/langgraph/dist/prebuilt/index.d.ts', but this result could not be resolved under your current 'moduleResolution' setting. Consider updating to 'node16', 'nodenext', or 'bundler'.

[7m7[0m import { createToolCallingAgent, AgentExecutor } from "@langchain/langgraph/prebuilt";
[7m [0m [91m                                                      ~~~~~~~~~~~~~~~~~~~~~~~~~~~~~~~[0m
[96msrc/ai/ai.service.ts[0m:[93m53[0m:[93m39[0m - [91merror[0m[90m TS2339: [0mProperty 'org' does not exist on type 'PrismaService'.

[7m53[0m         const org = await this.prisma.org.findUnique({ where: { id: orgId } });
[7m  [0m [91m                                      ~~~[0m
[96msrc/ai/ai.service.ts[0m:[93m93[0m:[93m39[0m - [91merror[0m[90m TS2339: [0mProperty 'org' does not exist on type 'PrismaService'.

[7m93[0m         const org = await this.prisma.org.findUnique({ where: { id: orgId } });
[7m  [0m [91m                                      ~~~[0m
[96msrc/ai/ai.service.ts[0m:[93m133[0m:[93m31[0m - [91merror[0m[90m TS2551: [0mProperty 'aIQueryLog' does not exist on type 'PrismaService'. Did you mean 'aIQuery'?

[7m133[0m             await this.prisma.aIQueryLog.create({
[7m   [0m [91m                              ~~~~~~~~~~[0m

  [96m../../node_modules/.pnpm/@prisma+client@5.22.0_prisma@5.22.0/node_modules/.prisma/client/index.d.ts[0m:[93m795[0m:[93m7[0m
    [7m795[0m   get aIQuery(): Prisma.AIQueryDelegate<ExtArgs>;
    [7m   [0m [96m      ~~~~~~~[0m
    'aIQuery' is declared here.
[96msrc/ai/ai.service.ts[0m:[93m159[0m:[93m39[0m - [91merror[0m[90m TS2339: [0mProperty 'org' does not exist on type 'PrismaService'.

[7m159[0m         const org = await this.prisma.org.findUnique({ where: { id: orgId } });
[7m   [0m [91m                                      ~~~[0m
[96msrc/ai/ai.service.ts[0m:[93m206[0m:[93m31[0m - [91merror[0m[90m TS2551: [0mProperty 'aIQueryLog' does not exist on type 'PrismaService'. Did you mean 'aIQuery'?

[7m206[0m             await this.prisma.aIQueryLog.create({
[7m   [0m [91m                              ~~~~~~~~~~[0m

  [96m../../node_modules/.pnpm/@prisma+client@5.22.0_prisma@5.22.0/node_modules/.prisma/client/index.d.ts[0m:[93m795[0m:[93m7[0m
    [7m795[0m   get aIQuery(): Prisma.AIQueryDelegate<ExtArgs>;
    [7m   [0m [96m      ~~~~~~~[0m
    'aIQuery' is declared here.
[96msrc/ai/tools/get-forecast-customer-salesman.ts[0m:[93m2[0m:[93m19[0m - [91merror[0m[90m TS2307: [0mCannot find module 'zod' or its corresponding type declarations.

[7m2[0m import { z } from "zod";
[7m [0m [91m                  ~~~~~[0m
[96msrc/ai/tools/get-forecast-customer-salesman.ts[0m:[93m159[0m:[93m17[0m - [91merror[0m[90m TS2322: [0mType 'GetOrderAggregateType<{ where: any; _sum: { netAmount: true; }; _count: { id: true; }; }>' is not assignable to type '{ _sum: { netAmount: number; }; _count: { id: number; }; }'.
  The types of '_sum.netAmount' are incompatible between these types.
    Type 'number | null' is not assignable to type 'number'.
      Type 'null' is not assignable to type 'number'.

[7m159[0m                 orders = await prisma.order.aggregate({
[7m   [0m [91m                ~~~~~~[0m
[96msrc/ai/tools/get-forecast-customer-salesman.ts[0m:[93m170[0m:[93m17[0m - [91merror[0m[90m TS2322: [0mType 'GetPaymentAggregateType<{ where: any; _sum: { amount: true; }; }>' is not assignable to type '{ _sum: { amount: number; }; }'.
  The types of '_sum.amount' are incompatible between these types.
    Type 'number | null' is not assignable to type 'number'.
      Type 'null' is not assignable to type 'number'.

[7m170[0m                 collections = await prisma.payment.aggregate({
[7m   [0m [91m                ~~~~~~~~~~~[0m
[96msrc/ai/tools/get-inventory.ts[0m:[93m2[0m:[93m19[0m - [91merror[0m[90m TS2307: [0mCannot find module 'zod' or its corresponding type declarations.

[7m2[0m import { z } from "zod";
[7m [0m [91m                  ~~~~~[0m
[96msrc/ai/tools/get-payments.ts[0m:[93m2[0m:[93m19[0m - [91merror[0m[90m TS2307: [0mCannot find module 'zod' or its corresponding type declarations.

[7m2[0m import { z } from "zod";
[7m [0m [91m                  ~~~~~[0m
[96msrc/ai/tools/get-suppliers-report.ts[0m:[93m2[0m:[93m19[0m - [91merror[0m[90m TS2307: [0mCannot find module 'zod' or its corresponding type declarations.

[7m2[0m import { z } from "zod";
[7m [0m [91m                  ~~~~~[0m
[96msrc/ai/tools/query-sales.ts[0m:[93m2[0m:[93m19[0m - [91merror[0m[90m TS2307: [0mCannot find module 'zod' or its corresponding type declarations.

[7m2[0m import { z } from "zod";
[7m [0m [91m                  ~~~~~[0m
[96msrc/audit/audit.service.ts[0m:[93m28[0m:[93m21[0m - [91merror[0m[90m TS2322: [0mType 'string | undefined' is not assignable to type 'string'.
  Type 'undefined' is not assignable to type 'string'.

[7m28[0m                     entityId: params.entityId,
[7m  [0m [91m                    ~~~~~~~~[0m

  [96m../../node_modules/.pnpm/@prisma+client@5.22.0_prisma@5.22.0/node_modules/.prisma/client/index.d.ts[0m:[93m49746[0m:[93m5[0m
    [7m49746[0m     entityId: string
    [7m     [0m [96m    ~~~~~~~~[0m
    The expected type comes from property 'entityId' which is declared here on type '(Without<AuditLogCreateInput, AuditLogUncheckedCreateInput> & AuditLogUncheckedCreateInput) | (Without<...> & AuditLogCreateInput)'
[96msrc/auth/auth.service.ts[0m:[93m63[0m:[93m21[0m - [91merror[0m[90m TS2322: [0mType 'string | undefined' is not assignable to type 'string'.
  Type 'undefined' is not assignable to type 'string'.

[7m63[0m                     lastName: dto.lastName,
[7m  [0m [91m                    ~~~~~~~~[0m

  [96m../../node_modules/.pnpm/@prisma+client@5.22.0_prisma@5.22.0/node_modules/.prisma/client/index.d.ts[0m:[93m46436[0m:[93m5[0m
    [7m46436[0m     lastName: string
    [7m     [0m [96m    ~~~~~~~~[0m
    The expected type comes from property 'lastName' which is declared here on type '(Without<UserCreateInput, UserUncheckedCreateInput> & UserUncheckedCreateInput) | (Without<...> & UserCreateInput)'
[96msrc/cron/cron.service.ts[0m:[93m19[0m:[93m40[0m - [91merror[0m[90m TS2339: [0mProperty 'org' does not exist on type 'PrismaService'.

[7m19[0m         const orgs = await this.prisma.org.findMany({
[7m  [0m [91m                                       ~~~[0m
[96msrc/cron/cron.service.ts[0m:[93m71[0m:[93m40[0m - [91merror[0m[90m TS2339: [0mProperty 'org' does not exist on type 'PrismaService'.

[7m71[0m         const orgs = await this.prisma.org.findMany({ select: { id: true } });
[7m  [0m [91m                                       ~~~[0m
[96msrc/cron/cron.service.ts[0m:[93m91[0m:[93m40[0m - [91merror[0m[90m TS2339: [0mProperty 'org' does not exist on type 'PrismaService'.

[7m91[0m         const orgs = await this.prisma.org.findMany({ select: { id: true } });
[7m  [0m [91m                                       ~~~[0m
[96msrc/cron/cron.service.ts[0m:[93m103[0m:[93m40[0m - [91merror[0m[90m TS2339: [0mProperty 'org' does not exist on type 'PrismaService'.

[7m103[0m         const orgs = await this.prisma.org.findMany({
[7m   [0m [91m                                       ~~~[0m
[96msrc/customers/customers.service.ts[0m:[93m40[0m:[93m46[0m - [91merror[0m[90m TS2322: [0mType '{ name: string; contactPerson?: string; phone?: string; email?: string; gstNumber?: string; fullAddress?: string; city?: string; state?: string; pincode?: string; type?: string; salesmanId?: string; creditLimit?: number; creditDays?: number; whatsappNumber?: string; orgId: string; }' is not assignable to type '(Without<CustomerCreateInput, CustomerUncheckedCreateInput> & CustomerUncheckedCreateInput) | (Without<...> & CustomerCreateInput)'.
  Type '{ name: string; contactPerson?: string; phone?: string; email?: string; gstNumber?: string; fullAddress?: string; city?: string; state?: string; pincode?: string; type?: string; salesmanId?: string; creditLimit?: number; creditDays?: number; whatsappNumber?: string; orgId: string; }' is not assignable to type 'Without<CustomerCreateInput, CustomerUncheckedCreateInput> & CustomerUncheckedCreateInput'.
    Type '{ name: string; contactPerson?: string; phone?: string; email?: string; gstNumber?: string; fullAddress?: string; city?: string; state?: string; pincode?: string; type?: string; salesmanId?: string; creditLimit?: number; creditDays?: number; whatsappNumber?: string; orgId: string; }' is not assignable to type 'CustomerUncheckedCreateInput'.
      Types of property 'type' are incompatible.
        Type 'string | undefined' is not assignable to type 'CustomerType | undefined'.
          Type 'string' is not assignable to type 'CustomerType | undefined'.

[7m40[0m         return this.prisma.customer.create({ data: { orgId, ...dto } });
[7m  [0m [91m                                             ~~~~[0m

  [96m../../node_modules/.pnpm/@prisma+client@5.22.0_prisma@5.22.0/node_modules/.prisma/client/index.d.ts[0m:[93m15073[0m:[93m5[0m
    [7m15073[0m     data: XOR<CustomerCreateInput, CustomerUncheckedCreateInput>
    [7m     [0m [96m    ~~~~[0m
    The expected type comes from property 'data' which is declared here on type '{ select?: CustomerSelect<DefaultArgs> | null | undefined; include?: CustomerInclude<DefaultArgs> | null | undefined; data: (Without<...> & CustomerUncheckedCreateInput) | (Without<...> & CustomerCreateInput); }'
[96msrc/customers/customers.service.ts[0m:[93m87[0m:[93m61[0m - [91merror[0m[90m TS2322: [0mType 'UpdateCustomerDto' is not assignable to type '(Without<CustomerUpdateInput, CustomerUncheckedUpdateInput> & CustomerUncheckedUpdateInput) | (Without<...> & CustomerUpdateInput)'.
  Type 'UpdateCustomerDto' is not assignable to type 'Without<CustomerUncheckedUpdateInput, CustomerUpdateInput> & CustomerUpdateInput'.
    Types of property 'tier' are incompatible.
      Type 'string | undefined' is not assignable to type 'CustomerTier | EnumCustomerTierFieldUpdateOperationsInput | undefined'.
        Type 'string' is not assignable to type 'CustomerTier | EnumCustomerTierFieldUpdateOperationsInput | undefined'.

[7m87[0m         return this.prisma.customer.update({ where: { id }, data: dto });
[7m  [0m [91m                                                            ~~~~[0m

  [96m../../node_modules/.pnpm/@prisma+client@5.22.0_prisma@5.22.0/node_modules/.prisma/client/index.d.ts[0m:[93m15121[0m:[93m5[0m
    [7m15121[0m     data: XOR<CustomerUpdateInput, CustomerUncheckedUpdateInput>
    [7m     [0m [96m    ~~~~[0m
    The expected type comes from property 'data' which is declared here on type '{ select?: CustomerSelect<DefaultArgs> | null | undefined; include?: CustomerInclude<DefaultArgs> | null | undefined; data: (Without<...> & CustomerUncheckedUpdateInput) | (Without<...> & CustomerUpdateInput); where: CustomerWhereUniqueInput; }'
[96msrc/invoices/einvoice.service.ts[0m:[93m65[0m:[93m17[0m - [91merror[0m[90m TS2353: [0mObject literal may only specify known properties, and 'org' does not exist in type 'InvoiceInclude<DefaultArgs>'.

[7m65[0m                 org: true,
[7m  [0m [91m                ~~~[0m

  [96m../../node_modules/.pnpm/@prisma+client@5.22.0_prisma@5.22.0/node_modules/.prisma/client/index.d.ts[0m:[93m22877[0m:[93m5[0m
    [7m22877[0m     include?: InvoiceInclude<ExtArgs> | null
    [7m     [0m [96m    ~~~~~~~[0m
    The expected type comes from property 'include' which is declared here on type '{ select?: InvoiceSelect<DefaultArgs> | null | undefined; include?: InvoiceInclude<DefaultArgs> | null | undefined; where: InvoiceWhereUniqueInput; }'
[96msrc/invoices/invoice-pdf.service.ts[0m:[93m22[0m:[93m17[0m - [91merror[0m[90m TS2353: [0mObject literal may only specify known properties, and 'org' does not exist in type 'InvoiceInclude<DefaultArgs>'.

[7m22[0m                 org: { include: { settings: true } },
[7m  [0m [91m                ~~~[0m

  [96m../../node_modules/.pnpm/@prisma+client@5.22.0_prisma@5.22.0/node_modules/.prisma/client/index.d.ts[0m:[93m22877[0m:[93m5[0m
    [7m22877[0m     include?: InvoiceInclude<ExtArgs> | null
    [7m     [0m [96m    ~~~~~~~[0m
    The expected type comes from property 'include' which is declared here on type '{ select?: InvoiceSelect<DefaultArgs> | null | undefined; include?: InvoiceInclude<DefaultArgs> | null | undefined; where: InvoiceWhereUniqueInput; }'
[96msrc/invoices/invoice-pdf.service.ts[0m:[93m29[0m:[93m29[0m - [91merror[0m[90m TS2339: [0mProperty 'org' does not exist on type '{ orgId: string; id: string; createdAt: Date; updatedAt: Date; status: InvoiceStatus; notes: string | null; customerId: string; totalAmount: number; discountAmount: number; ... 15 more ...; pdfUrl: string | null; }'.

[7m29[0m         const org = invoice.org;
[7m  [0m [91m                            ~~~[0m
[96msrc/invoices/invoice-pdf.service.ts[0m:[93m30[0m:[93m34[0m - [91merror[0m[90m TS2551: [0mProperty 'customer' does not exist on type '{ orgId: string; id: string; createdAt: Date; updatedAt: Date; status: InvoiceStatus; notes: string | null; customerId: string; totalAmount: number; discountAmount: number; ... 15 more ...; pdfUrl: string | null; }'. Did you mean 'customerId'?

[7m30[0m         const customer = invoice.customer;
[7m  [0m [91m                                 ~~~~~~~~[0m
[96msrc/invoices/invoice-pdf.service.ts[0m:[93m33[0m:[93m66[0m - [91merror[0m[90m TS2339: [0mProperty 'netAmount' does not exist on type '{ orgId: string; id: string; createdAt: Date; updatedAt: Date; status: InvoiceStatus; notes: string | null; customerId: string; totalAmount: number; discountAmount: number; ... 15 more ...; pdfUrl: string | null; }'.

[7m33[0m         const amountInWords = indianAmountToWords(Number(invoice.netAmount));
[7m  [0m [91m                                                                 ~~~~~~~~~[0m
[96msrc/invoices/invoice-pdf.service.ts[0m:[93m35[0m:[93m35[0m - [91merror[0m[90m TS2339: [0mProperty 'items' does not exist on type '{ orgId: string; id: string; createdAt: Date; updatedAt: Date; status: InvoiceStatus; notes: string | null; customerId: string; totalAmount: number; discountAmount: number; ... 15 more ...; pdfUrl: string | null; }'.

[7m35[0m         const itemsHtml = invoice.items.map((item, idx) => {
[7m  [0m [91m                                  ~~~~~[0m
[96msrc/invoices/invoice-pdf.service.ts[0m:[93m35[0m:[93m46[0m - [91merror[0m[90m TS7006: [0mParameter 'item' implicitly has an 'any' type.

[7m35[0m         const itemsHtml = invoice.items.map((item, idx) => {
[7m  [0m [91m                                             ~~~~[0m
[96msrc/invoices/invoice-pdf.service.ts[0m:[93m35[0m:[93m52[0m - [91merror[0m[90m TS7006: [0mParameter 'idx' implicitly has an 'any' type.

[7m35[0m         const itemsHtml = invoice.items.map((item, idx) => {
[7m  [0m [91m                                                   ~~~[0m
[96msrc/invoices/invoice-pdf.service.ts[0m:[93m112[0m:[93m130[0m - [91merror[0m[90m TS2339: [0mProperty 'taxAmount' does not exist on type '{ orgId: string; id: string; createdAt: Date; updatedAt: Date; status: InvoiceStatus; notes: string | null; customerId: string; totalAmount: number; discountAmount: number; ... 15 more ...; pdfUrl: string | null; }'.

[7m112[0m       <div style="display:flex;justify-content:space-between;margin:4px 0"><span>Tax</span><span>${this.formatNum(Number(invoice.taxAmount))}</span></div>
[7m   [0m [91m                                                                                                                                 ~~~~~~~~~[0m
[96msrc/invoices/invoice-pdf.service.ts[0m:[93m114[0m:[93m72[0m - [91merror[0m[90m TS2339: [0mProperty 'netAmount' does not exist on type '{ orgId: string; id: string; createdAt: Date; updatedAt: Date; status: InvoiceStatus; notes: string | null; customerId: string; totalAmount: number; discountAmount: number; ... 15 more ...; pdfUrl: string | null; }'.

[7m114[0m         <span>Grand Total</span><span>₹${this.formatNum(Number(invoice.netAmount))}</span>
[7m   [0m [91m                                                                       ~~~~~~~~~[0m
[96msrc/notifications/notifications.service.ts[0m:[93m41[0m:[93m17[0m - [91merror[0m[90m TS2322: [0mType 'Record<string, unknown>' is not assignable to type 'NullableJsonNullValueInput | InputJsonValue | undefined'.
  Type 'Record<string, unknown>' is missing the following properties from type 'readonly (InputJsonValue | null)[]': length, concat, join, slice, and 20 more.

[7m41[0m                 data: event as Record<string, unknown>,
[7m  [0m [91m                ~~~~[0m

  [96m../../node_modules/.pnpm/@prisma+client@5.22.0_prisma@5.22.0/node_modules/.prisma/client/index.d.ts[0m:[93m49658[0m:[93m5[0m
    [7m49658[0m     data?: NullableJsonNullValueInput | InputJsonValue
    [7m     [0m [96m    ~~~~[0m
    The expected type comes from property 'data' which is declared here on type '(Without<NotificationCreateInput, NotificationUncheckedCreateInput> & NotificationUncheckedCreateInput) | (Without<...> & NotificationCreateInput)'
[96msrc/notifications/push.service.ts[0m:[93m73[0m:[93m37[0m - [91merror[0m[90m TS2322: [0mType 'string[]' is not assignable to type 'Role[] | FieldRef<"User", "Role[]"> | undefined'.
  Type 'string[]' is not assignable to type 'Role[]'.
    Type 'string' is not assignable to type 'Role'.

[7m73[0m             where: { orgId, role: { in: roles } },
[7m  [0m [91m                                    ~~[0m
[96msrc/payments/razorpay.service.ts[0m:[93m90[0m:[93m9[0m - [91merror[0m[90m TS2322: [0mType 'RazorpayPayment' is not assignable to type 'Record<string, unknown>'.
  Index signature for type 'string' is missing in type 'RazorpayPayment'.

[7m90[0m         return this.client.payments.fetch(paymentId);
[7m  [0m [91m        ~~~~~~[0m
[96msrc/products/products.controller.ts[0m:[93m32[0m:[93m79[0m - [91merror[0m[90m TS2694: [0mNamespace 'global.Express' has no exported member 'Multer'.

[7m32[0m     bulkImport(@CurrentUser() user: JwtPayload, @UploadedFile() file: Express.Multer.File) {
[7m  [0m [91m                                                                              ~~~~~~[0m
[96msrc/purchase-orders/purchase-orders.service.ts[0m:[93m54[0m:[93m35[0m - [91merror[0m[90m TS2353: [0mObject literal may only specify known properties, and 'createdBy' does not exist in type 'Without<PurchaseOrderCreateInput, PurchaseOrderUncheckedCreateInput> & PurchaseOrderUncheckedCreateInput'.

[7m54[0m                 notes: dto.notes, createdBy: userId,
[7m  [0m [91m                                  ~~~~~~~~~[0m

  [96m../../node_modules/.pnpm/@prisma+client@5.22.0_prisma@5.22.0/node_modules/.prisma/client/index.d.ts[0m:[93m20748[0m:[93m5[0m
    [7m20748[0m     data: XOR<PurchaseOrderCreateInput, PurchaseOrderUncheckedCreateInput>
    [7m     [0m [96m    ~~~~[0m
    The expected type comes from property 'data' which is declared here on type '{ select?: PurchaseOrderSelect<DefaultArgs> | null | undefined; include?: PurchaseOrderInclude<DefaultArgs> | null | undefined; data: (Without<...> & PurchaseOrderUncheckedCreateInput) | (Without<...> & PurchaseOrderCreateInput); }'
[96msrc/purchase-orders/purchase-orders.service.ts[0m:[93m78[0m:[93m119[0m - [91merror[0m[90m TS2339: [0mProperty 'warehouseId' does not exist on type '{ items: { id: string; productId: string; totalAmount: number; price: number; taxRate: number; receivedQty: number; orderedQty: number; poId: string; }[]; } & { orgId: string; id: string; createdAt: Date; ... 7 more ...; receivedDate: Date | null; }'.

[7m78[0m                 let inv = await tx.inventory.findFirst({ where: { orgId, productId: poItem.productId, warehouseId: po.warehouseId } });
[7m  [0m [91m                                                                                                                      ~~~~~~~~~~~[0m
[96msrc/purchase-orders/purchase-orders.service.ts[0m:[93m80[0m:[93m115[0m - [91merror[0m[90m TS2339: [0mProperty 'warehouseId' does not exist on type '{ items: { id: string; productId: string; totalAmount: number; price: number; taxRate: number; receivedQty: number; orderedQty: number; poId: string; }[]; } & { orgId: string; id: string; createdAt: Date; ... 7 more ...; receivedDate: Date | null; }'.

[7m80[0m                     inv = await tx.inventory.create({ data: { orgId, productId: poItem.productId, warehouseId: po.warehouseId!, quantity: 0 } });
[7m  [0m [91m                                                                                                                  ~~~~~~~~~~~[0m
[96msrc/purchase-orders/purchase-orders.service.ts[0m:[93m86[0m:[93m60[0m - [91merror[0m[90m TS2353: [0mObject literal may only specify known properties, and 'orgId' does not exist in type 'Without<ProductBatchCreateInput, ProductBatchUncheckedCreateInput> & ProductBatchUncheckedCreateInput'.

[7m86[0m                     await tx.productBatch.create({ data: { orgId, productId: poItem.productId, warehouseId: po.warehouseId!, batchNumber: ri.batchNumber, expiryDate: new Date(ri.expiryDate), quantity: ri.receivedQty, purchasePrice: poItem.price } });
[7m  [0m [91m                                                           ~~~~~[0m

  [96m../../node_modules/.pnpm/@prisma+client@5.22.0_prisma@5.22.0/node_modules/.prisma/client/index.d.ts[0m:[93m11674[0m:[93m5[0m
    [7m11674[0m     data: XOR<ProductBatchCreateInput, ProductBatchUncheckedCreateInput>
    [7m     [0m [96m    ~~~~[0m
    The expected type comes from property 'data' which is declared here on type '{ select?: ProductBatchSelect<DefaultArgs> | null | undefined; include?: ProductBatchInclude<DefaultArgs> | null | undefined; data: (Without<...> & ProductBatchUncheckedCreateInput) | (Without<...> & ProductBatchCreateInput); }'
[96msrc/purchase-orders/purchase-orders.service.ts[0m:[93m86[0m:[93m112[0m - [91merror[0m[90m TS2339: [0mProperty 'warehouseId' does not exist on type '{ items: { id: string; productId: string; totalAmount: number; price: number; taxRate: number; receivedQty: number; orderedQty: number; poId: string; }[]; } & { orgId: string; id: string; createdAt: Date; ... 7 more ...; receivedDate: Date | null; }'.

[7m86[0m                     await tx.productBatch.create({ data: { orgId, productId: poItem.productId, warehouseId: po.warehouseId!, batchNumber: ri.batchNumber, expiryDate: new Date(ri.expiryDate), quantity: ri.receivedQty, purchasePrice: poItem.price } });
[7m  [0m [91m                                                                                                               ~~~~~~~~~~~[0m
[96msrc/purchase-orders/purchase-orders.service.ts[0m:[93m91[0m:[93m76[0m - [91merror[0m[90m TS2561: [0mObject literal may only specify known properties, but 'purchaseOrderId' does not exist in type 'PurchaseOrderItemWhereInput'. Did you mean to write 'purchaseOrder'?

[7m91[0m             const updated = await tx.purchaseOrderItem.findMany({ where: { purchaseOrderId: id } });
[7m  [0m [91m                                                                           ~~~~~~~~~~~~~~~[0m
[96msrc/purchase-orders/purchase-orders.service.ts[0m:[93m96[0m:[93m72[0m - [91merror[0m[90m TS2322: [0mType '"PARTIAL"' is not assignable to type 'POStatus | EnumPOStatusFieldUpdateOperationsInput | undefined'.

[7m96[0m                 await tx.purchaseOrder.update({ where: { id }, data: { status: 'PARTIAL' } });
[7m  [0m [91m                                                                       ~~~~~~[0m

  [96m../../node_modules/.pnpm/@prisma+client@5.22.0_prisma@5.22.0/node_modules/.prisma/client/index.d.ts[0m:[93m48001[0m:[93m5[0m
    [7m48001[0m     status?: EnumPOStatusFieldUpdateOperationsInput | $Enums.POStatus
    [7m     [0m [96m    ~~~~~~[0m
    The expected type comes from property 'status' which is declared here on type '(Without<PurchaseOrderUpdateInput, PurchaseOrderUncheckedUpdateInput> & PurchaseOrderUncheckedUpdateInput) | (Without<...> & PurchaseOrderUpdateInput)'
[96msrc/tally/tally.controller.ts[0m:[93m22[0m:[93m29[0m - [91merror[0m[90m TS2353: [0mObject literal may only specify known properties, and 'tallySyncedAt' does not exist in type 'InvoiceWhereInput'.

[7m22[0m             where: { orgId, tallySyncedAt: null, status: { not: 'DRAFT' } },
[7m  [0m [91m                            ~~~~~~~~~~~~~[0m
[96msrc/tally/tally.controller.ts[0m:[93m23[0m:[93m79[0m - [91merror[0m[90m TS2353: [0mObject literal may only specify known properties, and 'org' does not exist in type 'InvoiceInclude<DefaultArgs>'.

[7m23[0m             include: { items: { include: { product: true } }, customer: true, org: true },
[7m  [0m [91m                                                                              ~~~[0m
[96msrc/tally/tally.controller.ts[0m:[93m28[0m:[93m29[0m - [91merror[0m[90m TS2353: [0mObject literal may only specify known properties, and 'tallySyncedAt' does not exist in type 'PaymentWhereInput'.

[7m28[0m             where: { orgId, tallySyncedAt: null, status: 'COMPLETED' },
[7m  [0m [91m                            ~~~~~~~~~~~~~[0m
[96msrc/tally/tally.controller.ts[0m:[93m29[0m:[93m40[0m - [91merror[0m[90m TS2353: [0mObject literal may only specify known properties, and 'org' does not exist in type 'PaymentInclude<DefaultArgs>'.

[7m29[0m             include: { customer: true, org: true },
[7m  [0m [91m                                       ~~~[0m
[96msrc/tally/tally.controller.ts[0m:[93m43[0m:[93m25[0m - [91merror[0m[90m TS2353: [0mObject literal may only specify known properties, and 'tallySyncedAt' does not exist in type '(Without<InvoiceUpdateManyMutationInput, InvoiceUncheckedUpdateManyInput> & InvoiceUncheckedUpdateManyInput) | (Without<...> & InvoiceUpdateManyMutationInput)'.

[7m43[0m                 data: { tallySyncedAt: now },
[7m  [0m [91m                        ~~~~~~~~~~~~~[0m

  [96m../../node_modules/.pnpm/@prisma+client@5.22.0_prisma@5.22.0/node_modules/.prisma/client/index.d.ts[0m:[93m23118[0m:[93m5[0m
    [7m23118[0m     data: XOR<InvoiceUpdateManyMutationInput, InvoiceUncheckedUpdateManyInput>
    [7m     [0m [96m    ~~~~[0m
    The expected type comes from property 'data' which is declared here on type '{ data: (Without<InvoiceUpdateManyMutationInput, InvoiceUncheckedUpdateManyInput> & InvoiceUncheckedUpdateManyInput) | (Without<...> & InvoiceUpdateManyMutationInput); where?: InvoiceWhereInput | undefined; }'
[96msrc/tally/tally.controller.ts[0m:[93m49[0m:[93m25[0m - [91merror[0m[90m TS2353: [0mObject literal may only specify known properties, and 'tallySyncedAt' does not exist in type '(Without<PaymentUpdateManyMutationInput, PaymentUncheckedUpdateManyInput> & PaymentUncheckedUpdateManyInput) | (Without<...> & PaymentUpdateManyMutationInput)'.

[7m49[0m                 data: { tallySyncedAt: now },
[7m  [0m [91m                        ~~~~~~~~~~~~~[0m

  [96m../../node_modules/.pnpm/@prisma+client@5.22.0_prisma@5.22.0/node_modules/.prisma/client/index.d.ts[0m:[93m25413[0m:[93m5[0m
    [7m25413[0m     data: XOR<PaymentUpdateManyMutationInput, PaymentUncheckedUpdateManyInput>
    [7m     [0m [96m    ~~~~[0m
    The expected type comes from property 'data' which is declared here on type '{ data: (Without<PaymentUpdateManyMutationInput, PaymentUncheckedUpdateManyInput> & PaymentUncheckedUpdateManyInput) | (Without<...> & PaymentUpdateManyMutationInput); where?: PaymentWhereInput | undefined; }'
[96msrc/users/users.service.ts[0m:[93m47[0m:[93m72[0m - [91merror[0m[90m TS2322: [0mType 'string | undefined' is not assignable to type 'string'.
  Type 'undefined' is not assignable to type 'string'.

[7m47[0m             data: { orgId, email: dto.email, firstName: dto.firstName, lastName: dto.lastName, phone: dto.phone, role: dto.role, passwordHash },
[7m  [0m [91m                                                                       ~~~~~~~~[0m

  [96m../../node_modules/.pnpm/@prisma+client@5.22.0_prisma@5.22.0/node_modules/.prisma/client/index.d.ts[0m:[93m46436[0m:[93m5[0m
    [7m46436[0m     lastName: string
    [7m     [0m [96m    ~~~~~~~~[0m
    The expected type comes from property 'lastName' which is declared here on type '(Without<UserCreateInput, UserUncheckedCreateInput> & UserUncheckedCreateInput) | (Without<...> & UserCreateInput)'
[96msrc/whatsapp/bot.handler.ts[0m:[93m59[0m:[93m24[0m - [91merror[0m[90m TS2353: [0mObject literal may only specify known properties, and 'org' does not exist in type 'WhatsAppConfigInclude<DefaultArgs>'.

[7m59[0m             include: { org: true },
[7m  [0m [91m                       ~~~[0m
[96msrc/whatsapp/bot.handler.ts[0m:[93m70[0m:[93m29[0m - [91merror[0m[90m TS2353: [0mObject literal may only specify known properties, and 'phoneNumber' does not exist in type 'WhatsAppSessionWhereInput'.

[7m70[0m             where: { orgId, phoneNumber: from },
[7m  [0m [91m                            ~~~~~~~~~~~[0m
[96msrc/whatsapp/bot.handler.ts[0m:[93m74[0m:[93m32[0m - [91merror[0m[90m TS2353: [0mObject literal may only specify known properties, and 'phoneNumber' does not exist in type 'Without<WhatsAppSessionCreateInput, WhatsAppSessionUncheckedCreateInput> & WhatsAppSessionUncheckedCreateInput'.

[7m74[0m                 data: { orgId, phoneNumber: from, state: 'IDLE', context: {} },
[7m  [0m [91m                               ~~~~~~~~~~~[0m

  [96m../../node_modules/.pnpm/@prisma+client@5.22.0_prisma@5.22.0/node_modules/.prisma/client/index.d.ts[0m:[93m35698[0m:[93m5[0m
    [7m35698[0m     data: XOR<WhatsAppSessionCreateInput, WhatsAppSessionUncheckedCreateInput>
    [7m     [0m [96m    ~~~~[0m
    The expected type comes from property 'data' which is declared here on type '{ select?: WhatsAppSessionSelect<DefaultArgs> | null | undefined; include?: WhatsAppSessionInclude<DefaultArgs> | null | undefined; data: (Without<...> & WhatsAppSessionUncheckedCreateInput) | (Without<...> & WhatsAppSessionCreateInput); }'
[96msrc/whatsapp/bot.handler.ts[0m:[93m256[0m:[93m17[0m - [91merror[0m[90m TS2353: [0mObject literal may only specify known properties, and 'phoneNumber' does not exist in type 'Without<WhatsAppMessageCreateInput, WhatsAppMessageUncheckedCreateInput> & WhatsAppMessageUncheckedCreateInput'.

[7m256[0m                 phoneNumber: from,
[7m   [0m [91m                ~~~~~~~~~~~[0m

  [96m../../node_modules/.pnpm/@prisma+client@5.22.0_prisma@5.22.0/node_modules/.prisma/client/index.d.ts[0m:[93m36691[0m:[93m5[0m
    [7m36691[0m     data: XOR<WhatsAppMessageCreateInput, WhatsAppMessageUncheckedCreateInput>
    [7m     [0m [96m    ~~~~[0m
    The expected type comes from property 'data' which is declared here on type '{ select?: WhatsAppMessageSelect<DefaultArgs> | null | undefined; include?: WhatsAppMessageInclude<DefaultArgs> | null | undefined; data: (Without<...> & WhatsAppMessageUncheckedCreateInput) | (Without<...> & WhatsAppMessageCreateInput); }'
[96msrc/whatsapp/bot.handler.ts[0m:[93m268[0m:[93m28[0m - [91merror[0m[90m TS2322: [0mType 'Record<string, unknown>' is not assignable to type 'NullableJsonNullValueInput | InputJsonValue | undefined'.
  Type 'Record<string, unknown>' is missing the following properties from type 'readonly (InputJsonValue | null)[]': length, concat, join, slice, and 20 more.

[7m268[0m             data: { state, context: context as Record<string, unknown>, updatedAt: new Date() },
[7m   [0m [91m                           ~~~~~~~[0m

  [96m../../node_modules/.pnpm/@prisma+client@5.22.0_prisma@5.22.0/node_modules/.prisma/client/index.d.ts[0m:[93m49424[0m:[93m5[0m
    [7m49424[0m     context?: NullableJsonNullValueInput | InputJsonValue
    [7m     [0m [96m    ~~~~~~~[0m
    The expected type comes from property 'context' which is declared here on type '(Without<WhatsAppSessionUpdateInput, WhatsAppSessionUncheckedUpdateInput> & WhatsAppSessionUncheckedUpdateInput) | (Without<...> & WhatsAppSessionUpdateInput)'
[96msrc/whatsapp/bot.handler.ts[0m:[93m317[0m:[93m24[0m - [91merror[0m[90m TS2353: [0mObject literal may only specify known properties, and 'paymentDate' does not exist in type 'PaymentOrderByWithRelationInput | PaymentOrderByWithRelationInput[]'.

[7m317[0m             orderBy: { paymentDate: 'desc' },
[7m   [0m [91m                       ~~~~~~~~~~~[0m
[96msrc/whatsapp/bot.handler.ts[0m:[93m322[0m:[93m104[0m - [91merror[0m[90m TS2339: [0mProperty 'paymentDate' does not exist on type '{ orgId: string; id: string; createdAt: Date; status: PaymentStatus; notes: string | null; customerId: string; invoiceId: string | null; amount: number; method: PaymentMethod; ... 5 more ...; paidAt: Date | null; }'.

[7m322[0m             msg += `\nLast payment: ${formatINR(Number(lastPayment.amount))} on ${new Date(lastPayment.paymentDate).toLocaleDateString('en-IN', { day: '2-digit', month: 'short', year: 'numeric' })}`;
[7m   [0m [91m                                                                                                       ~~~~~~~~~~~[0m
[96msrc/whatsapp/bot.handler.ts[0m:[93m368[0m:[93m17[0m - [91merror[0m[90m TS2322: [0mType '{ orgId: string; customerId: string; orderNumber: string; source: "WHATSAPP"; status: "CONFIRMED"; totalAmount: number; discountAmount: number; taxAmount: number; netAmount: number; items: { create: { ...; }[]; }; }' is not assignable to type '(Without<OrderCreateInput, OrderUncheckedCreateInput> & OrderUncheckedCreateInput) | (Without<...> & OrderCreateInput)'.
  Type '{ orgId: string; customerId: string; orderNumber: string; source: "WHATSAPP"; status: "CONFIRMED"; totalAmount: number; discountAmount: number; taxAmount: number; netAmount: number; items: { create: { ...; }[]; }; }' is not assignable to type 'Without<OrderCreateInput, OrderUncheckedCreateInput> & OrderUncheckedCreateInput'.
    Property 'warehouseId' is missing in type '{ orgId: string; customerId: string; orderNumber: string; source: "WHATSAPP"; status: "CONFIRMED"; totalAmount: number; discountAmount: number; taxAmount: number; netAmount: number; items: { create: { ...; }[]; }; }' but required in type 'OrderUncheckedCreateInput'.

[7m368[0m                 data: {
[7m   [0m [91m                ~~~~[0m

  [96m../../node_modules/.pnpm/@prisma+client@5.22.0_prisma@5.22.0/node_modules/.prisma/client/index.d.ts[0m:[93m47648[0m:[93m5[0m
    [7m47648[0m     warehouseId: string
    [7m     [0m [96m    ~~~~~~~~~~~[0m
    'warehouseId' is declared here.
  [96m../../node_modules/.pnpm/@prisma+client@5.22.0_prisma@5.22.0/node_modules/.prisma/client/index.d.ts[0m:[93m17617[0m:[93m5[0m
    [7m17617[0m     data: XOR<OrderCreateInput, OrderUncheckedCreateInput>
    [7m     [0m [96m    ~~~~[0m
    The expected type comes from property 'data' which is declared here on type '{ select?: OrderSelect<DefaultArgs> | null | undefined; include?: OrderInclude<DefaultArgs> | null | undefined; data: (Without<...> & OrderUncheckedCreateInput) | (Without<...> & OrderCreateInput); }'
[96msrc/audit/audit.service.ts[0m:[93m39[0m:[93m11[0m - [91merror[0m[90m TS2742: [0mThe inferred type of 'findAll' cannot be named without a reference to '../../../../packages/db/node_modules/@prisma/client/runtime/library'. This is likely not portable. A type annotation is necessary.

[7m39[0m     async findAll(orgId: string, params: {
[7m  [0m [91m          ~~~~~~~[0m
[96msrc/audit/audit.controller.ts[0m:[93m18[0m:[93m5[0m - [91merror[0m[90m TS2742: [0mThe inferred type of 'findAll' cannot be named without a reference to '../../../../packages/db/node_modules/@prisma/client/runtime/library'. This is likely not portable. A type annotation is necessary.

[7m18[0m     findAll(
[7m  [0m [91m    ~~~~~~~[0m

Found 62 error(s).

/home/preet/projects/distroai/apps/api:
 ERR_PNPM_RECURSIVE_RUN_FIRST_FAIL  @distroai/api@1.0.0 build: `nest build`
Exit status 1
